Archive member included to satisfy reference by file (symbol)

c:/program files/microchip/xc8/v2.36/avr/bin/../lib/gcc/avr/5.4.0/avr5/memx-const\libgcc.a(_copy_data.o)
                              main.o (__do_copy_data)
c:/program files/microchip/xc8/v2.36/avr/bin/../lib/gcc/avr/5.4.0/../../../../avr/lib/avr5/memx-const\libc.a(exit.o)
                              C:/Program Files (x86)/Atmel/Studio/7.0/Packs/atmel/ATmega_DFP/1.7.374/xc8/avr/lib/avr5/memx-const/crtatmega328pb.o (exit)
c:/program files/microchip/xc8/v2.36/avr/bin/../lib/gcc/avr/5.4.0/../../../../avr/lib/avr5/memx-const\libc.a(strcmp.o)
                              main.o (strcmp)
c:/program files/microchip/xc8/v2.36/avr/bin/../lib/gcc/avr/5.4.0/../../../../avr/lib/avr5/memx-const\libc.a(_Exit.o)
                              c:/program files/microchip/xc8/v2.36/avr/bin/../lib/gcc/avr/5.4.0/../../../../avr/lib/avr5/memx-const\libc.a(exit.o) (_Exit)
c:/program files/microchip/xc8/v2.36/avr/bin/../lib/gcc/avr/5.4.0/avr5/memx-const\libgcc.a(_exit.o)
                              c:/program files/microchip/xc8/v2.36/avr/bin/../lib/gcc/avr/5.4.0/../../../../avr/lib/avr5/memx-const\libc.a(_Exit.o) (_exit)

Allocating common symbols
Common symbol       size              file

print               0xc               main.o
character           0x1               main.o
final               0x4               main.o
full_data           0x28              main.o
temperature         0x6               main.o
print_celsious      0x2               main.o
conv_ADC            0x6               main.o
read                0x2               main.o
print_ADC           0xb               main.o
status              0x14              main.o

Discarded input sections

 .data          0x0000000000000000        0x0 C:/Program Files (x86)/Atmel/Studio/7.0/Packs/atmel/ATmega_DFP/1.7.374/xc8/avr/lib/avr5/memx-const/crtatmega328pb.o
 .bss           0x0000000000000000        0x0 C:/Program Files (x86)/Atmel/Studio/7.0/Packs/atmel/ATmega_DFP/1.7.374/xc8/avr/lib/avr5/memx-const/crtatmega328pb.o
 .text          0x0000000000000000        0x0 main.o
 .data          0x0000000000000000        0x0 main.o
 .bss           0x0000000000000000        0x0 main.o
 .text.twi_readAck
                0x0000000000000000       0x14 main.o
 .text          0x0000000000000000        0x0 c:/program files/microchip/xc8/v2.36/avr/bin/../lib/gcc/avr/5.4.0/avr5/memx-const\libgcc.a(_copy_data.o)
 .data          0x0000000000000000        0x0 c:/program files/microchip/xc8/v2.36/avr/bin/../lib/gcc/avr/5.4.0/avr5/memx-const\libgcc.a(_copy_data.o)
 .bss           0x0000000000000000        0x0 c:/program files/microchip/xc8/v2.36/avr/bin/../lib/gcc/avr/5.4.0/avr5/memx-const\libgcc.a(_copy_data.o)
 .text.libgcc.mul
                0x0000000000000000        0x0 c:/program files/microchip/xc8/v2.36/avr/bin/../lib/gcc/avr/5.4.0/avr5/memx-const\libgcc.a(_copy_data.o)
 .text.libgcc.div
                0x0000000000000000        0x0 c:/program files/microchip/xc8/v2.36/avr/bin/../lib/gcc/avr/5.4.0/avr5/memx-const\libgcc.a(_copy_data.o)
 .text.libgcc   0x0000000000000000        0x0 c:/program files/microchip/xc8/v2.36/avr/bin/../lib/gcc/avr/5.4.0/avr5/memx-const\libgcc.a(_copy_data.o)
 .text.libgcc.prologue
                0x0000000000000000        0x0 c:/program files/microchip/xc8/v2.36/avr/bin/../lib/gcc/avr/5.4.0/avr5/memx-const\libgcc.a(_copy_data.o)
 .text.libgcc.builtins
                0x0000000000000000        0x0 c:/program files/microchip/xc8/v2.36/avr/bin/../lib/gcc/avr/5.4.0/avr5/memx-const\libgcc.a(_copy_data.o)
 .text.libgcc.fmul
                0x0000000000000000        0x0 c:/program files/microchip/xc8/v2.36/avr/bin/../lib/gcc/avr/5.4.0/avr5/memx-const\libgcc.a(_copy_data.o)
 .text.libgcc.fixed
                0x0000000000000000        0x0 c:/program files/microchip/xc8/v2.36/avr/bin/../lib/gcc/avr/5.4.0/avr5/memx-const\libgcc.a(_copy_data.o)
 .text          0x0000000000000000        0x0 c:/program files/microchip/xc8/v2.36/avr/bin/../lib/gcc/avr/5.4.0/../../../../avr/lib/avr5/memx-const\libc.a(exit.o)
 .data          0x0000000000000000        0x0 c:/program files/microchip/xc8/v2.36/avr/bin/../lib/gcc/avr/5.4.0/../../../../avr/lib/avr5/memx-const\libc.a(exit.o)
 .bss           0x0000000000000000        0x0 c:/program files/microchip/xc8/v2.36/avr/bin/../lib/gcc/avr/5.4.0/../../../../avr/lib/avr5/memx-const\libc.a(exit.o)
 .text          0x0000000000000000        0x0 c:/program files/microchip/xc8/v2.36/avr/bin/../lib/gcc/avr/5.4.0/../../../../avr/lib/avr5/memx-const\libc.a(strcmp.o)
 .data          0x0000000000000000        0x0 c:/program files/microchip/xc8/v2.36/avr/bin/../lib/gcc/avr/5.4.0/../../../../avr/lib/avr5/memx-const\libc.a(strcmp.o)
 .bss           0x0000000000000000        0x0 c:/program files/microchip/xc8/v2.36/avr/bin/../lib/gcc/avr/5.4.0/../../../../avr/lib/avr5/memx-const\libc.a(strcmp.o)
 .text          0x0000000000000000        0x0 c:/program files/microchip/xc8/v2.36/avr/bin/../lib/gcc/avr/5.4.0/../../../../avr/lib/avr5/memx-const\libc.a(_Exit.o)
 .data          0x0000000000000000        0x0 c:/program files/microchip/xc8/v2.36/avr/bin/../lib/gcc/avr/5.4.0/../../../../avr/lib/avr5/memx-const\libc.a(_Exit.o)
 .bss           0x0000000000000000        0x0 c:/program files/microchip/xc8/v2.36/avr/bin/../lib/gcc/avr/5.4.0/../../../../avr/lib/avr5/memx-const\libc.a(_Exit.o)
 .text          0x0000000000000000        0x0 c:/program files/microchip/xc8/v2.36/avr/bin/../lib/gcc/avr/5.4.0/avr5/memx-const\libgcc.a(_exit.o)
 .data          0x0000000000000000        0x0 c:/program files/microchip/xc8/v2.36/avr/bin/../lib/gcc/avr/5.4.0/avr5/memx-const\libgcc.a(_exit.o)
 .bss           0x0000000000000000        0x0 c:/program files/microchip/xc8/v2.36/avr/bin/../lib/gcc/avr/5.4.0/avr5/memx-const\libgcc.a(_exit.o)
 .text.libgcc.mul
                0x0000000000000000        0x0 c:/program files/microchip/xc8/v2.36/avr/bin/../lib/gcc/avr/5.4.0/avr5/memx-const\libgcc.a(_exit.o)
 .text.libgcc.div
                0x0000000000000000        0x0 c:/program files/microchip/xc8/v2.36/avr/bin/../lib/gcc/avr/5.4.0/avr5/memx-const\libgcc.a(_exit.o)
 .text.libgcc   0x0000000000000000        0x0 c:/program files/microchip/xc8/v2.36/avr/bin/../lib/gcc/avr/5.4.0/avr5/memx-const\libgcc.a(_exit.o)
 .text.libgcc.prologue
                0x0000000000000000        0x0 c:/program files/microchip/xc8/v2.36/avr/bin/../lib/gcc/avr/5.4.0/avr5/memx-const\libgcc.a(_exit.o)
 .stack.descriptors
                0x0000000000000000       0x13 c:/program files/microchip/xc8/v2.36/avr/bin/../lib/gcc/avr/5.4.0/avr5/memx-const\libgcc.a(_exit.o)
 .text.libgcc.builtins
                0x0000000000000000        0x0 c:/program files/microchip/xc8/v2.36/avr/bin/../lib/gcc/avr/5.4.0/avr5/memx-const\libgcc.a(_exit.o)
 .text.libgcc.fmul
                0x0000000000000000        0x0 c:/program files/microchip/xc8/v2.36/avr/bin/../lib/gcc/avr/5.4.0/avr5/memx-const\libgcc.a(_exit.o)
 .text.libgcc.fixed
                0x0000000000000000        0x0 c:/program files/microchip/xc8/v2.36/avr/bin/../lib/gcc/avr/5.4.0/avr5/memx-const\libgcc.a(_exit.o)

Memory Configuration

Name             Origin             Length             Attributes
text             0x0000000000000000 0x0000000000008000 xr
data             0x0000000000800100 0x0000000000000800 rw !x
eeprom           0x0000000000810000 0x0000000000000400 rw !x
fuse             0x0000000000820000 0x0000000000000003 rw !x
lock             0x0000000000830000 0x0000000000000400 rw !x
signature        0x0000000000840000 0x0000000000000400 rw !x
user_signatures  0x0000000000850000 0x0000000000000400 rw !x
*default*        0x0000000000000000 0xffffffffffffffff

Linker script and memory map

Address of section .data set to 0x800100
LOAD C:/Program Files (x86)/Atmel/Studio/7.0/Packs/atmel/ATmega_DFP/1.7.374/xc8/avr/lib/avr5/memx-const/crtatmega328pb.o
LOAD main.o
START GROUP
LOAD c:/program files/microchip/xc8/v2.36/avr/bin/../lib/gcc/avr/5.4.0/../../../../avr/lib/avr5/memx-const\libm.a
END GROUP
START GROUP
LOAD c:/program files/microchip/xc8/v2.36/avr/bin/../lib/gcc/avr/5.4.0/avr5/memx-const\libgcc.a
LOAD c:/program files/microchip/xc8/v2.36/avr/bin/../lib/gcc/avr/5.4.0/../../../../avr/lib/avr5/memx-const\libm.a
LOAD c:/program files/microchip/xc8/v2.36/avr/bin/../lib/gcc/avr/5.4.0/../../../../avr/lib/avr5/memx-const\libc.a
LOAD C:/Program Files (x86)/Atmel/Studio/7.0/Packs/atmel/ATmega_DFP/1.7.374/xc8/avr/lib/avr5/memx-const\libatmega328pb.a
END GROUP
                [0x0000000000000000]                __TEXT_REGION_ORIGIN__ = DEFINED (__TEXT_REGION_ORIGIN__)?__TEXT_REGION_ORIGIN__:0x0
                [0x0000000000800100]                __DATA_REGION_ORIGIN__ = DEFINED (__DATA_REGION_ORIGIN__)?__DATA_REGION_ORIGIN__:0x800060
                [0x0000000000008000]                __TEXT_REGION_LENGTH__ = DEFINED (__TEXT_REGION_LENGTH__)?__TEXT_REGION_LENGTH__:0x20000
                [0x0000000000000800]                __DATA_REGION_LENGTH__ = DEFINED (__DATA_REGION_LENGTH__)?__DATA_REGION_LENGTH__:0xffa0
                [0x0000000000000400]                __EEPROM_REGION_LENGTH__ = DEFINED (__EEPROM_REGION_LENGTH__)?__EEPROM_REGION_LENGTH__:0x10000
                [0x0000000000000003]                __FUSE_REGION_LENGTH__ = DEFINED (__FUSE_REGION_LENGTH__)?__FUSE_REGION_LENGTH__:0x400
                0x0000000000000400                __LOCK_REGION_LENGTH__ = DEFINED (__LOCK_REGION_LENGTH__)?__LOCK_REGION_LENGTH__:0x400
                0x0000000000000400                __SIGNATURE_REGION_LENGTH__ = DEFINED (__SIGNATURE_REGION_LENGTH__)?__SIGNATURE_REGION_LENGTH__:0x400
                0x0000000000000400                __USER_SIGNATURE_REGION_LENGTH__ = DEFINED (__USER_SIGNATURE_REGION_LENGTH__)?__USER_SIGNATURE_REGION_LENGTH__:0x400

.hash
 *(.hash)

.dynsym
 *(.dynsym)

.dynstr
 *(.dynstr)

.gnu.version
 *(.gnu.version)

.gnu.version_d
 *(.gnu.version_d)

.gnu.version_r
 *(.gnu.version_r)

.rel.init
 *(.rel.init)

.rela.init
 *(.rela.init)

.rel.text
 *(.rel.text)
 *(.rel.text.*)
 *(.rel.gnu.linkonce.t*)

.rela.text
 *(.rela.text)
 *(.rela.text.*)
 *(.rela.gnu.linkonce.t*)

.rel.fini
 *(.rel.fini)

.rela.fini
 *(.rela.fini)

.rel.rodata
 *(.rel.rodata)
 *(.rel.rodata.*)
 *(.rel.gnu.linkonce.r*)

.rela.rodata
 *(.rela.rodata)
 *(.rela.rodata.*)
 *(.rela.gnu.linkonce.r*)

.rel.data
 *(.rel.data)
 *(.rel.data.*)
 *(.rel.gnu.linkonce.d*)

.rela.data
 *(.rela.data)
 *(.rela.data.*)
 *(.rela.gnu.linkonce.d*)

.rel.ctors
 *(.rel.ctors)

.rela.ctors
 *(.rela.ctors)

.rel.dtors
 *(.rel.dtors)

.rela.dtors
 *(.rela.dtors)

.rel.got
 *(.rel.got)

.rela.got
 *(.rela.got)

.rel.bss
 *(.rel.bss)

.rela.bss
 *(.rela.bss)

.rel.plt
 *(.rel.plt)

.rela.plt
 *(.rela.plt)

.text           0x0000000000000000      0x11a
 *(.vectors)
 .vectors       0x0000000000000000       0xb4 C:/Program Files (x86)/Atmel/Studio/7.0/Packs/atmel/ATmega_DFP/1.7.374/xc8/avr/lib/avr5/memx-const/crtatmega328pb.o
                0x0000000000000000                __vector_default
                0x0000000000000000                __vectors
 *(.vectors)
 *(.progmem.gcc*)
 *(.dinit)
 .dinit         0x00000000000000b4       0x11 data_init
                0x00000000000000c6                . = ALIGN (0x2)
 *fill*         0x00000000000000c5        0x1 
                0x00000000000000c6                __trampolines_start = .
 *(.trampolines)
 .trampolines   0x00000000000000c6        0x0 linker stubs
 *(.trampolines*)
                0x00000000000000c6                __trampolines_end = .
 *libprintf_flt.a:*(.progmem.data)
 *libc.a:*(.progmem.data)
                0x00000000000000c6                . = ALIGN (0x2)
 *(.jumptables)
 *(.jumptables*)
 *(.lowtext)
 *(.lowtext*)
                0x00000000000000c6                __ctors_start = .
 *(.ctors)
                0x00000000000000c6                __ctors_end = .
                0x00000000000000c6                __dtors_start = .
 *(.dtors)
                0x00000000000000c6                __dtors_end = .
 SORT(*)(.ctors)
 SORT(*)(.dtors)
 *(.init0)
 .init0         0x00000000000000c6        0x0 C:/Program Files (x86)/Atmel/Studio/7.0/Packs/atmel/ATmega_DFP/1.7.374/xc8/avr/lib/avr5/memx-const/crtatmega328pb.o
                0x00000000000000c6                __init
 *(.init0)
 *(.init1)
 *(.init1)
 *(.init2)
 .init2         0x00000000000000c6        0xc C:/Program Files (x86)/Atmel/Studio/7.0/Packs/atmel/ATmega_DFP/1.7.374/xc8/avr/lib/avr5/memx-const/crtatmega328pb.o
 *(.init2)
 *(.init3)
 *(.init3)
 *(.init4)
 .init4         0x00000000000000d2       0x3c c:/program files/microchip/xc8/v2.36/avr/bin/../lib/gcc/avr/5.4.0/avr5/memx-const\libgcc.a(_copy_data.o)
                0x00000000000000d2                __do_copy_data
                0x0000000000000100                __do_clear_bss
 *(.init4)
 *(.init5)
 *(.init5)
 *(.init6)
 *(.init6)
 *(.init7)
 *(.init7)
 *(.init8)
 *(.init8)
 *(.init9)
 .init9         0x000000000000010e        0x8 C:/Program Files (x86)/Atmel/Studio/7.0/Packs/atmel/ATmega_DFP/1.7.374/xc8/avr/lib/avr5/memx-const/crtatmega328pb.o
 *(.init9)
                0x0000000000000116                . = ALIGN (0x2)
 *(.fini9)
 .fini9         0x0000000000000116        0x0 c:/program files/microchip/xc8/v2.36/avr/bin/../lib/gcc/avr/5.4.0/avr5/memx-const\libgcc.a(_exit.o)
                0x0000000000000116                _exit
 *(.fini9)
 *(.fini8)
 *(.fini8)
 *(.fini7)
 *(.fini7)
 *(.fini6)
 *(.fini6)
 *(.fini5)
 *(.fini5)
 *(.fini4)
 *(.fini4)
 *(.fini3)
 *(.fini3)
 *(.fini2)
 *(.fini2)
 *(.fini1)
 *(.fini1)
 *(.fini0)
 .fini0         0x0000000000000116        0x4 c:/program files/microchip/xc8/v2.36/avr/bin/../lib/gcc/avr/5.4.0/avr5/memx-const\libgcc.a(_exit.o)
 *(.fini0)
                0x000000000000011a                _etext = .

.data           0x0000000000800100        0x0 load address 0x000000000000011a
                [!provide]                        PROVIDE (__data_start, .)
 *(.gnu.linkonce.d*)
 *(.gnu.linkonce.r*)
                0x0000000000800100                . = ALIGN (0x2)
                0x0000000000800100                _edata = .
                [!provide]                        PROVIDE (__data_end, .)

.bss            0x0000000000800100       0x68
                [!provide]                        PROVIDE (__bss_start, .)
 *(COMMON)
 COMMON         0x0000000000800100       0x68 main.o
                0x0000000000800100                print
                0x000000000080010c                character
                0x000000000080010d                final
                0x0000000000800111                full_data
                0x0000000000800139                temperature
                0x000000000080013f                print_celsious
                0x0000000000800141                conv_ADC
                0x0000000000800147                read
                0x0000000000800149                print_ADC
                0x0000000000800154                status
                [!provide]                        PROVIDE (__bss_end, .)
                0x000000000000011a                __data_load_start = LOADADDR (.data)
                0x000000000000011a                __data_load_end = (__data_load_start + SIZEOF (.data))

.noinit         0x0000000000800168        0x0
                [!provide]                        PROVIDE (__noinit_start, .)
 *(.noinit*)
                [!provide]                        PROVIDE (__noinit_end, .)
                0x0000000000800168                _end = .

.eeprom         0x0000000000810000        0x0
 *(.eeprom*)
                0x0000000000810000                __eeprom_end = .

.fuse
 *(.fuse)
 *(.lfuse)
 *(.hfuse)
 *(.efuse)

.lock
 *(.lock*)

.signature
 *(.signature*)

.user_signatures
 *(.user_signatures*)

.stab
 *(.stab)

.stabstr
 *(.stabstr)

.stab.excl
 *(.stab.excl)

.stab.exclstr
 *(.stab.exclstr)

.stab.index
 *(.stab.index)

.stab.indexstr
 *(.stab.indexstr)

.comment        0x0000000000000000       0x2f
 *(.comment)
 .comment       0x0000000000000000       0x2f main.o
                                         0x30 (size before relaxing)
 .comment       0x000000000000002f       0x30 c:/program files/microchip/xc8/v2.36/avr/bin/../lib/gcc/avr/5.4.0/../../../../avr/lib/avr5/memx-const\libc.a(exit.o)
 .comment       0x000000000000002f       0x30 c:/program files/microchip/xc8/v2.36/avr/bin/../lib/gcc/avr/5.4.0/../../../../avr/lib/avr5/memx-const\libc.a(strcmp.o)
 .comment       0x000000000000002f       0x30 c:/program files/microchip/xc8/v2.36/avr/bin/../lib/gcc/avr/5.4.0/../../../../avr/lib/avr5/memx-const\libc.a(_Exit.o)

.note.GNU-stack
                0x0000000000000000        0x0
 .note.GNU-stack
                0x0000000000000000        0x0 c:/program files/microchip/xc8/v2.36/avr/bin/../lib/gcc/avr/5.4.0/../../../../avr/lib/avr5/memx-const\libc.a(exit.o)
 .note.GNU-stack
                0x0000000000000000        0x0 c:/program files/microchip/xc8/v2.36/avr/bin/../lib/gcc/avr/5.4.0/../../../../avr/lib/avr5/memx-const\libc.a(strcmp.o)
 .note.GNU-stack
                0x0000000000000000        0x0 c:/program files/microchip/xc8/v2.36/avr/bin/../lib/gcc/avr/5.4.0/../../../../avr/lib/avr5/memx-const\libc.a(_Exit.o)

.stack.descriptors.hdr
                0x0000000000000000        0xe
 .stack.descriptors.hdr
                0x0000000000000000        0xe c:/program files/microchip/xc8/v2.36/avr/bin/../lib/gcc/avr/5.4.0/avr5/memx-const\libgcc.a(_exit.o)

.note.gnu.build-id
 *(.note.gnu.build-id)

.debug
 *(.debug)

.line
 *(.line)

.debug_srcinfo
 *(.debug_srcinfo)

.debug_sfnames
 *(.debug_sfnames)

.debug_aranges  0x0000000000000000      0x148
 *(.debug_aranges)
 .debug_aranges
                0x0000000000000000      0x148 main.o

.debug_pubnames
 *(.debug_pubnames)

.debug_info     0x0000000000000000     0x2622
 *(.debug_info .gnu.linkonce.wi.*)
 .debug_info    0x0000000000000000      0x8ea C:/Program Files (x86)/Atmel/Studio/7.0/Packs/atmel/ATmega_DFP/1.7.374/xc8/avr/lib/avr5/memx-const/crtatmega328pb.o
 .debug_info    0x00000000000008ea     0x1d38 main.o

.debug_abbrev   0x0000000000000000      0xca3
 *(.debug_abbrev)
 .debug_abbrev  0x0000000000000000      0x86e C:/Program Files (x86)/Atmel/Studio/7.0/Packs/atmel/ATmega_DFP/1.7.374/xc8/avr/lib/avr5/memx-const/crtatmega328pb.o
 .debug_abbrev  0x000000000000086e      0x435 main.o

.debug_line     0x0000000000000000      0xf95
 *(.debug_line .debug_line.* .debug_line_end)
 .debug_line    0x0000000000000000      0x1a9 C:/Program Files (x86)/Atmel/Studio/7.0/Packs/atmel/ATmega_DFP/1.7.374/xc8/avr/lib/avr5/memx-const/crtatmega328pb.o
 .debug_line    0x00000000000001a9      0xdec main.o

.debug_frame    0x0000000000000000      0x35c
 *(.debug_frame)
 .debug_frame   0x0000000000000000      0x35c main.o

.debug_str      0x0000000000000000      0x35f
 *(.debug_str)
 .debug_str     0x0000000000000000      0x318 C:/Program Files (x86)/Atmel/Studio/7.0/Packs/atmel/ATmega_DFP/1.7.374/xc8/avr/lib/avr5/memx-const/crtatmega328pb.o
 .debug_str     0x0000000000000318       0x47 main.o

.debug_loc      0x0000000000000000     0x1105
 *(.debug_loc)
 .debug_loc     0x0000000000000000     0x1105 main.o

.debug_macinfo
 *(.debug_macinfo)

.debug_weaknames
 *(.debug_weaknames)

.debug_funcnames
 *(.debug_funcnames)

.debug_typenames
 *(.debug_typenames)

.debug_varnames
 *(.debug_varnames)

.debug_pubtypes
 *(.debug_pubtypes)

.debug_ranges   0x0000000000000000      0x168
 *(.debug_ranges)
 .debug_ranges  0x0000000000000000      0x168 main.o

.debug_macro
 *(.debug_macro)
OUTPUT(8.3.elf elf32-avr)
LOAD linker stubs
LOAD data_init

.note.gnu.avr.deviceinfo
                0x0000000000000000       0x40
 .note.gnu.avr.deviceinfo
                0x0000000000000000       0x40 C:/Program Files (x86)/Atmel/Studio/7.0/Packs/atmel/ATmega_DFP/1.7.374/xc8/avr/lib/avr5/memx-const/crtatmega328pb.o

.bss.adc_value  0x00000000008001a2        0x2
 .bss.adc_value
                0x00000000008001a2        0x2 main.o
                0x00000000008001a2                adc_value

.bss.pressed_keys
                0x00000000008001a4        0x2
 .bss.pressed_keys
                0x00000000008001a4        0x2 main.o
                0x00000000008001a4                pressed_keys

.bss.lcd_read   0x00000000008001a6        0x1
 .bss.lcd_read  0x00000000008001a6        0x1 main.o
                0x00000000008001a6                lcd_read

.progmemx.data  0x000000000000011a      0x140
 .progmemx.data
                0x000000000000011a      0x140 main.o

.text.main      0x000000000000025a      0x294
 .text.main     0x000000000000025a      0x294 main.o
                0x000000000000025a                main

.text.convert_to_celcius
                0x00000000000004ee      0x154
 .text.convert_to_celcius
                0x00000000000004ee      0x154 main.o
                0x00000000000004ee                convert_to_celcius

.text.lcd_init  0x0000000000000642       0xb4
 .text.lcd_init
                0x0000000000000642       0xb4 main.o
                0x0000000000000642                lcd_init

.text.bcd_real  0x00000000000006f6       0xb2
 .text.bcd_real
                0x00000000000006f6       0xb2 main.o
                0x00000000000006f6                bcd_real

.text.ADC_compute
                0x00000000000007a8       0x9c
 .text.ADC_compute
                0x00000000000007a8       0x9c main.o
                0x00000000000007a8                ADC_compute

.text.fix_status
                0x0000000000000844       0x9c
 .text.fix_status
                0x0000000000000844       0x9c main.o
                0x0000000000000844                fix_status

.text.write_2_nibbles
                0x00000000000008e0       0x6a
 .text.write_2_nibbles
                0x00000000000008e0       0x6a main.o
                0x00000000000008e0                write_2_nibbles

.text.routine   0x000000000000094a       0x6a
 .text.routine  0x000000000000094a       0x6a main.o
                0x000000000000094a                routine

.text.twi_start_wait
                0x00000000000009b4       0x4e
 .text.twi_start_wait
                0x00000000000009b4       0x4e main.o
                0x00000000000009b4                twi_start_wait

.text.twi_start
                0x0000000000000a02       0x4c
 .text.twi_start
                0x0000000000000a02       0x4c main.o
                0x0000000000000a02                twi_start

.text.one_wire_reset
                0x0000000000000a4e       0x48
 .text.one_wire_reset
                0x0000000000000a4e       0x48 main.o
                0x0000000000000a4e                one_wire_reset

.text.scan_row  0x0000000000000a96       0x46
 .text.scan_row
                0x0000000000000a96       0x46 main.o
                0x0000000000000a96                scan_row

.text.one_wire_receive_bit
                0x0000000000000adc       0x44
 .text.one_wire_receive_bit
                0x0000000000000adc       0x44 main.o
                0x0000000000000adc                one_wire_receive_bit

.text.strcmp    0x0000000000000b20       0x42
 .text.strcmp   0x0000000000000b20       0x42 c:/program files/microchip/xc8/v2.36/avr/bin/../lib/gcc/avr/5.4.0/../../../../avr/lib/avr5/memx-const\libc.a(strcmp.o)
                0x0000000000000b20                strcmp

.text.one_wire_transmit_bit
                0x0000000000000b62       0x3e
 .text.one_wire_transmit_bit
                0x0000000000000b62       0x3e main.o
                0x0000000000000b62                one_wire_transmit_bit

.text.usart_receive_string
                0x0000000000000ba0       0x3c
 .text.usart_receive_string
                0x0000000000000ba0       0x3c main.o
                0x0000000000000ba0                usart_receive_string

.text.scan_keypad_rising_edge
                0x0000000000000bdc       0x32
 .text.scan_keypad_rising_edge
                0x0000000000000bdc       0x32 main.o
                0x0000000000000bdc                scan_keypad_rising_edge

.text.one_wire_receive_byte
                0x0000000000000c0e       0x2e
 .text.one_wire_receive_byte
                0x0000000000000c0e       0x2e main.o
                0x0000000000000c0e                one_wire_receive_byte

.text.lcd_write_string
                0x0000000000000c3c       0x2c
 .text.lcd_write_string
                0x0000000000000c3c       0x2c main.o
                0x0000000000000c3c                lcd_write_string

.text.usart_transmit_to_string
                0x0000000000000c68       0x2c
 .text.usart_transmit_to_string
                0x0000000000000c68       0x2c main.o
                0x0000000000000c68                usart_transmit_to_string

.text.lcd_data  0x0000000000000c94       0x2a
 .text.lcd_data
                0x0000000000000c94       0x2a main.o
                0x0000000000000c94                lcd_data

.text.lcd_command
                0x0000000000000cbe       0x2a
 .text.lcd_command
                0x0000000000000cbe       0x2a main.o
                0x0000000000000cbe                lcd_command

.text.one_wire_transmit_byte
                0x0000000000000ce8       0x2a
 .text.one_wire_transmit_byte
                0x0000000000000ce8       0x2a main.o
                0x0000000000000ce8                one_wire_transmit_byte

.text.ADC_Read  0x0000000000000d12       0x2a
 .text.ADC_Read
                0x0000000000000d12       0x2a main.o
                0x0000000000000d12                ADC_Read

.text.scan_keypad
                0x0000000000000d3c       0x28
 .text.scan_keypad
                0x0000000000000d3c       0x28 main.o
                0x0000000000000d3c                scan_keypad

.text.buffer_write_string
                0x0000000000000d64       0x28
 .text.buffer_write_string
                0x0000000000000d64       0x28 main.o
                0x0000000000000d64                buffer_write_string

.text.PCA9555_0_read
                0x0000000000000d8c       0x26
 .text.PCA9555_0_read
                0x0000000000000d8c       0x26 main.o
                0x0000000000000d8c                PCA9555_0_read

.text.twi_write
                0x0000000000000db2       0x24
 .text.twi_write
                0x0000000000000db2       0x24 main.o
                0x0000000000000db2                twi_write

.text.PCA9555_0_write
                0x0000000000000dd6       0x24
 .text.PCA9555_0_write
                0x0000000000000dd6       0x24 main.o
                0x0000000000000dd6                PCA9555_0_write

.text.keypad_to_ascii
                0x0000000000000dfa       0x20
 .text.keypad_to_ascii
                0x0000000000000dfa       0x20 main.o
                0x0000000000000dfa                keypad_to_ascii

.text.lcd_clear_display
                0x0000000000000e1a       0x1a
 .text.lcd_clear_display
                0x0000000000000e1a       0x1a main.o
                0x0000000000000e1a                lcd_clear_display

.text.usart_init
                0x0000000000000e34       0x1a
 .text.usart_init
                0x0000000000000e34       0x1a main.o
                0x0000000000000e34                usart_init

.text.exit      0x0000000000000e4e       0x16
 .text.exit     0x0000000000000e4e       0x16 c:/program files/microchip/xc8/v2.36/avr/bin/../lib/gcc/avr/5.4.0/../../../../avr/lib/avr5/memx-const\libc.a(exit.o)
                0x0000000000000e4e                exit

.text.twi_readNak
                0x0000000000000e64       0x14
 .text.twi_readNak
                0x0000000000000e64       0x14 main.o
                0x0000000000000e64                twi_readNak

.text.twi_stop  0x0000000000000e78       0x10
 .text.twi_stop
                0x0000000000000e78       0x10 main.o
                0x0000000000000e78                twi_stop

.text.usart_transmit
                0x0000000000000e88        0xe
 .text.usart_transmit
                0x0000000000000e88        0xe main.o
                0x0000000000000e88                usart_transmit

.text.usart_receive
                0x0000000000000e96        0xe
 .text.usart_receive
                0x0000000000000e96        0xe main.o
                0x0000000000000e96                usart_receive

.text.twi_init  0x0000000000000ea4        0xc
 .text.twi_init
                0x0000000000000ea4        0xc main.o
                0x0000000000000ea4                twi_init

.text.twi_rep_start
                0x0000000000000eb0        0x6
 .text.twi_rep_start
                0x0000000000000eb0        0x6 main.o
                0x0000000000000eb0                twi_rep_start

.text           0x0000000000000eb6        0x4
 .text          0x0000000000000eb6        0x4 C:/Program Files (x86)/Atmel/Studio/7.0/Packs/atmel/ATmega_DFP/1.7.374/xc8/avr/lib/avr5/memx-const/crtatmega328pb.o
                0x0000000000000eb6                __vector_38
                0x0000000000000eb6                __vector_22
                0x0000000000000eb6                __vector_28
                0x0000000000000eb6                __vector_1
                0x0000000000000eb6                __vector_32
                0x0000000000000eb6                __vector_34
                0x0000000000000eb6                __vector_24
                0x0000000000000eb6                __vector_12
                0x0000000000000eb6                __bad_interrupt
                0x0000000000000eb6                __vector_6
                0x0000000000000eb6                __vector_31
                0x0000000000000eb6                __vector_35
                0x0000000000000eb6                __vector_39
                0x0000000000000eb6                __vector_3
                0x0000000000000eb6                __vector_23
                0x0000000000000eb6                __vector_30
                0x0000000000000eb6                __vector_25
                0x0000000000000eb6                __vector_11
                0x0000000000000eb6                __vector_13
                0x0000000000000eb6                __vector_17
                0x0000000000000eb6                __vector_19
                0x0000000000000eb6                __vector_7
                0x0000000000000eb6                __vector_41
                0x0000000000000eb6                __vector_43
                0x0000000000000eb6                __vector_27
                0x0000000000000eb6                __vector_5
                0x0000000000000eb6                __vector_33
                0x0000000000000eb6                __vector_37
                0x0000000000000eb6                __vector_4
                0x0000000000000eb6                __vector_44
                0x0000000000000eb6                __vector_9
                0x0000000000000eb6                __vector_2
                0x0000000000000eb6                __vector_21
                0x0000000000000eb6                __vector_15
                0x0000000000000eb6                __vector_36
                0x0000000000000eb6                __vector_29
                0x0000000000000eb6                __vector_40
                0x0000000000000eb6                __vector_8
                0x0000000000000eb6                __vector_26
                0x0000000000000eb6                __vector_14
                0x0000000000000eb6                __vector_10
                0x0000000000000eb6                __vector_16
                0x0000000000000eb6                __vector_18
                0x0000000000000eb6                __vector_20
                0x0000000000000eb6                __vector_42

.text._Exit     0x0000000000000eba        0x4
 .text._Exit    0x0000000000000eba        0x4 c:/program files/microchip/xc8/v2.36/avr/bin/../lib/gcc/avr/5.4.0/../../../../avr/lib/avr5/memx-const\libc.a(_Exit.o)
                0x0000000000000eba                _Exit

.text.__dummy_fini
                0x0000000000000ebe        0x2
 .text.__dummy_fini
                0x0000000000000ebe        0x2 c:/program files/microchip/xc8/v2.36/avr/bin/../lib/gcc/avr/5.4.0/../../../../avr/lib/avr5/memx-const\libc.a(exit.o)
                0x0000000000000ebe                _fini

.text.__dummy_funcs_on_exit
                0x0000000000000ec0        0x2
 .text.__dummy_funcs_on_exit
                0x0000000000000ec0        0x2 c:/program files/microchip/xc8/v2.36/avr/bin/../lib/gcc/avr/5.4.0/../../../../avr/lib/avr5/memx-const\libc.a(exit.o)
                0x0000000000000ec0                __funcs_on_exit

.text.__dummy_simulator_exit
                0x0000000000000ec2        0x2
 .text.__dummy_simulator_exit
                0x0000000000000ec2        0x2 c:/program files/microchip/xc8/v2.36/avr/bin/../lib/gcc/avr/5.4.0/../../../../avr/lib/avr5/memx-const\libc.a(exit.o)
                0x0000000000000ec2                __simulator_exit

.data.converter_table
                0x0000000000800168       0x16 load address 0x0000000000000ec4
 .data.converter_table
                0x0000000000800168       0x16 main.o
                0x0000000000800168                converter_table

.data.kasioumis
                0x000000000080017e       0x14 load address 0x0000000000000eda
 .data.kasioumis
                0x000000000080017e       0x14 main.o
                0x000000000080017e                kasioumis

.data.keypad_char
                0x0000000000800192       0x10 load address 0x0000000000000eee
 .data.keypad_char
                0x0000000000800192       0x10 main.o
                0x0000000000800192                keypad_char
